server:
	directory: "C:\ProgramData\Veyl\unbound"
	auto-trust-anchor-file: "C:\ProgramData\Veyl\unbound\root.key"
	do-daemonize: no
	interface: 127.0.0.1@5335
	access-control: 127.0.0.0/8 allow
	do-ip4: yes
	do-ip6: no
	prefer-ip6: no
	do-udp: yes
	do-tcp: yes
	verbosity: 0
	use-syslog: no
	logfile: ""
	log-queries: no
	log-replies: no
	log-servfail: no
	log-local-actions: no
	statistics-interval: 0
	statistics-cumulative: no
	extended-statistics: no
	hide-identity: yes
	hide-version: yes
	hide-trustanchor: yes
	qname-minimisation: yes
	harden-glue: yes
	harden-dnssec-stripped: yes
	harden-below-nxdomain: yes
	harden-large-queries: yes
	harden-short-bufsize: yes
	harden-algo-downgrade: no
	use-caps-for-id: no
	prefetch: yes
	prefetch-key: yes
	aggressive-nsec: yes
	num-threads: 1
	msg-cache-size: 16m
	rrset-cache-size: 32m
	key-cache-size: 8m
	neg-cache-size: 4m
	edns-buffer-size: 1232
	minimal-responses: yes
	rrset-roundrobin: yes
	private-address: 10.0.0.0/8
	private-address: 100.64.0.0/10
	private-address: 169.254.0.0/16
	private-address: 172.16.0.0/12
	private-address: 192.168.0.0/16
	private-address: fc00::/7
	private-address: fe80::/10
	private-address: ::ffff:0:0/96
